// Jest Snapshot v1, https://goo.gl/fbAQLP

exports[`Pages/Tvs should render as expected 1`] = `ShallowWrapper {}`;
