// Jest Snapshot v1, https://goo.gl/fbAQLP

exports[`Pages/Movies should render as expected 1`] = `ShallowWrapper {}`;
