// Jest Snapshot v1, https://goo.gl/fbAQLP

exports[`Pages/Home should render as expected 1`] = `ShallowWrapper {}`;
