// Jest Snapshot v1, https://goo.gl/fbAQLP

exports[`Queries/withGenres should render as expected 1`] = `ShallowWrapper {}`;
