// Jest Snapshot v1, https://goo.gl/fbAQLP

exports[`Queries/withConfig should render as expected 1`] = `ShallowWrapper {}`;
