// Jest Snapshot v1, https://goo.gl/fbAQLP

exports[`Templates/Seasons should render a spinner when loading expected 1`] = `ShallowWrapper {}`;

exports[`Templates/Seasons should render as expected 1`] = `ShallowWrapper {}`;
