// Jest Snapshot v1, https://goo.gl/fbAQLP

exports[`Atoms/PlayTrailer should render as expected 1`] = `ShallowWrapper {}`;
