// Jest Snapshot v1, https://goo.gl/fbAQLP

exports[`Templates/Show should render as expected 1`] = `ShallowWrapper {}`;
