// Jest Snapshot v1, https://goo.gl/fbAQLP

exports[`Queries/withNowPlayingMovies should render as expected 1`] = `ShallowWrapper {}`;
