// Jest Snapshot v1, https://goo.gl/fbAQLP

exports[`Queries/withPerson should render as expected 1`] = `ShallowWrapper {}`;
