// Jest Snapshot v1, https://goo.gl/fbAQLP

exports[`Pages/Season should render as expected 1`] = `ShallowWrapper {}`;
