// Jest Snapshot v1, https://goo.gl/fbAQLP

exports[`Templates/Season should render a spinner when loading expected 1`] = `ShallowWrapper {}`;

exports[`Templates/Season should render as expected 1`] = `ShallowWrapper {}`;
