// Jest Snapshot v1, https://goo.gl/fbAQLP

exports[`Molecules/MovieCard should render as expected 1`] = `ShallowWrapper {}`;
