// Jest Snapshot v1, https://goo.gl/fbAQLP

exports[`Layouts/MainLayout should render as expected 1`] = `ShallowWrapper {}`;
