// Jest Snapshot v1, https://goo.gl/fbAQLP

exports[`Templates/TopPeople should render as expected 1`] = `ShallowWrapper {}`;
