// Jest Snapshot v1, https://goo.gl/fbAQLP

exports[`Atoms/Cast should render as expected 1`] = `ShallowWrapper {}`;
