// Jest Snapshot v1, https://goo.gl/fbAQLP

exports[`Templates/PersonImages should render a spinner when loading expected 1`] = `ShallowWrapper {}`;

exports[`Templates/PersonImages should render as expected 1`] = `ShallowWrapper {}`;
