// Jest Snapshot v1, https://goo.gl/fbAQLP

exports[`Queries/withTopPeople should render as expected 1`] = `ShallowWrapper {}`;
