// Jest Snapshot v1, https://goo.gl/fbAQLP

exports[`Pages/TvCastCrew should render as expected 1`] = `ShallowWrapper {}`;
