// Jest Snapshot v1, https://goo.gl/fbAQLP

exports[`Pages/TopPeople should render as expected 1`] = `ShallowWrapper {}`;
