// Jest Snapshot v1, https://goo.gl/fbAQLP

exports[`Pages/Person should render as expected 1`] = `ShallowWrapper {}`;
