// Jest Snapshot v1, https://goo.gl/fbAQLP

exports[`Organisms/ShowProfile should render as expected 1`] = `ShallowWrapper {}`;
