// Jest Snapshot v1, https://goo.gl/fbAQLP

exports[`Molecules/MiniHeader should render as expected 1`] = `ShallowWrapper {}`;
