// Jest Snapshot v1, https://goo.gl/fbAQLP

exports[`Queries/withMovie should render as expected 1`] = `ShallowWrapper {}`;
