// Jest Snapshot v1, https://goo.gl/fbAQLP

exports[`Queries/withSeason should render as expected 1`] = `ShallowWrapper {}`;
