// Jest Snapshot v1, https://goo.gl/fbAQLP

exports[`Pages/WatchList should render as expected 1`] = `ShallowWrapper {}`;
