// Jest Snapshot v1, https://goo.gl/fbAQLP

exports[`Organisms/Filter should render as expected 1`] = `ShallowWrapper {}`;
