// Jest Snapshot v1, https://goo.gl/fbAQLP

exports[`Molecules/PersonShows should render as expected 1`] = `ShallowWrapper {}`;
